// Jest Snapshot v1, https://goo.gl/fbAQLP

exports[`Banner test should render correctly 1`] = `
<div>
  <a>
    <img
      src=""
    />
  </a>
</div>
`;
